// Jest Snapshot v1, https://goo.gl/fbAQLP

exports[`render matches snapshot 1`] = `
<Fragment>
  <div
    className="App step3"
  >
    <Header
      text="congratulations"
    />
    <div>
      <Text
        text="Thank You For Signing Up!"
        type="h2"
      />
      <Text
        text="Look out for the latest news on your favorite shows."
        type="h3"
      />
    </div>
  </div>
</Fragment>
`;
